✔ conditional Blob writes reject a stale ETag without losing newer data (37.568541ms)
BATCH_V3_OPERATION_COUNT {"get":2,"put":3,"list":0,"delete":0,"advanced":3}
✔ issues five, saves five, pulls exact parsed days; steady-state operation budget (53.246658ms)
✔ partial/all failure (1/5) persists successes and only retries failed days (24.882394ms)
✔ partial/all failure (2/5) persists successes and only retries failed days (18.824019ms)
✔ partial/all failure (5/5) persists successes and only retries failed days (14.175916ms)
✔ same batch and same job replay cannot increment revisions or retry counters (26.782606ms)
✔ aborted Shortcut preserves submitted successes; expired missing jobs are reissued, stale owner rejected (21.688745ms)
✔ parallel Next claims at most one batch; V2 cannot claim its dates (15.145615ms)
✔ parallel Push of overlapping results is idempotent and does not lose disjoint days (91.256693ms)
[juggler-relay] Error: lost acknowledgement
    at f.blob.hooks.afterPut (file:///workspace/scratch/2c63ff8b496f/work/jugest-v512-ui/tests/collector-batch-v3.mjs:92:96)
    at Object.put (file:///workspace/scratch/2c63ff8b496f/work/jugest-v512-ui/tests/helpers/collector-blob.mjs:16:29)
    at async set (file:///workspace/scratch/2c63ff8b496f/work/jugest-v512-ui/api/_blob-store.js:25:18)
    at async Object.setJSON (file:///workspace/scratch/2c63ff8b496f/work/jugest-v512-ui/api/_blob-store.js:38:12)
    at async transactCollector (file:///workspace/scratch/2c63ff8b496f/work/jugest-v512-ui/api/_collector-state-v3.js:125:19)
    at async dispatch (file:///workspace/scratch/2c63ff8b496f/work/jugest-v512-ui/api/_collector-batch-v3.js:139:12)
    at async Object.defaultHandler [as default] (eval at createRelayRuntime (file:///workspace/scratch/2c63ff8b496f/work/jugest-v512-ui/api/_relay-web.js:100:17), <anonymous>:948:25)
    at async call (file:///workspace/scratch/2c63ff8b496f/work/jugest-v512-ui/tests/collector-batch-v3.mjs:14:35)
    at async TestContext.<anonymous> (file:///workspace/scratch/2c63ff8b496f/work/jugest-v512-ui/tests/collector-batch-v3.mjs:93:17)
    at async Test.run (node:internal/test_runner/test:1389:7)
✔ lost Push acknowledgement is recovered by resend without re-saving (24.93594ms)
[juggler-relay] Error: state unavailable
    at f.blob.hooks.beforePut (file:///workspace/scratch/2c63ff8b496f/work/jugest-v512-ui/tests/collector-batch-v3.mjs:99:79)
    at Object.put (file:///workspace/scratch/2c63ff8b496f/work/jugest-v512-ui/tests/helpers/collector-blob.mjs:12:66)
    at set (file:///workspace/scratch/2c63ff8b496f/work/jugest-v512-ui/api/_blob-store.js:25:31)
    at Object.setJSON (file:///workspace/scratch/2c63ff8b496f/work/jugest-v512-ui/api/_blob-store.js:38:18)
    at transactCollector (file:///workspace/scratch/2c63ff8b496f/work/jugest-v512-ui/api/_collector-state-v3.js:125:30)
    at async dispatch (file:///workspace/scratch/2c63ff8b496f/work/jugest-v512-ui/api/_collector-batch-v3.js:139:12)
    at async Object.defaultHandler [as default] (eval at createRelayRuntime (file:///workspace/scratch/2c63ff8b496f/work/jugest-v512-ui/api/_relay-web.js:100:17), <anonymous>:948:25)
    at async call (file:///workspace/scratch/2c63ff8b496f/work/jugest-v512-ui/tests/collector-batch-v3.mjs:14:35)
    at async TestContext.<anonymous> (file:///workspace/scratch/2c63ff8b496f/work/jugest-v512-ui/tests/collector-batch-v3.mjs:100:17)
    at async Test.run (node:internal/test_runner/test:1389:7)
✔ unpublished payload is never visible if state commit fails (28.134613ms)
✔ manual requeue overrides coverage and invalidates previously saved and in-flight tokens (30.64697ms)
✔ multiple stores retain priority and do not cross identities (32.027823ms)
✔ legacy format migrates non-destructively; old payloads, V2 and coverage remain compatible (49.595551ms)
✔ cleanup removes store state, preserves other store data, and unlink cannot resurrect legacy data (42.592597ms)
✔ year calendar including leap floor is enforced; local coverage skip reaches DONE (30.743594ms)
[juggler-relay] SyntaxError: Expected property name or '}' in JSON at position 1 (line 1 column 2)
    at JSON.parse (<anonymous>)
    at Object.getWithMetadata (file:///workspace/scratch/2c63ff8b496f/work/jugest-v512-ui/api/_blob-store.js:60:23)
    at async readCollectorState (file:///workspace/scratch/2c63ff8b496f/work/jugest-v512-ui/api/_collector-state-v3.js:12:13)
    at async dispatch (file:///workspace/scratch/2c63ff8b496f/work/jugest-v512-ui/api/_collector-batch-v3.js:131:20)
    at async Object.defaultHandler [as default] (eval at createRelayRuntime (file:///workspace/scratch/2c63ff8b496f/work/jugest-v512-ui/api/_relay-web.js:100:17), <anonymous>:948:25)
    at async call (file:///workspace/scratch/2c63ff8b496f/work/jugest-v512-ui/tests/collector-batch-v3.mjs:14:35)
    at async TestContext.<anonymous> (file:///workspace/scratch/2c63ff8b496f/work/jugest-v512-ui/tests/collector-batch-v3.mjs:155:63)
    at async Test.run (node:internal/test_runner/test:1389:7)
    at async Test.processPendingSubtests (node:internal/test_runner/test:960:7)
✔ corrupt snapshot and absent ETag fail closed (10.953279ms)
✔ V2 lease ownership and explicit failed result receipts prevent stale retries (13.5832ms)
✔ Launcher messages still save, receive and acknowledge after snapshot migration (8.958932ms)
✔ key rotation revokes the old key and preserves existing jobs for the new key (22.884456ms)
✔ cold concurrent migration retains every original day and creates a single claim (14.627036ms)
[juggler-relay] Error: Collector payload pack is missing or invalid
    at fail (file:///workspace/scratch/2c63ff8b496f/work/jugest-v512-ui/api/_collector-state-v3.js:8:28)
    at Object.get (file:///workspace/scratch/2c63ff8b496f/work/jugest-v512-ui/api/_collector-state-v3.js:54:59)
    at async Object.collectorPull (eval at createRelayRuntime (file:///workspace/scratch/2c63ff8b496f/work/jugest-v512-ui/api/_relay-web.js:100:17), <anonymous>:845:17)
    at async dispatch (file:///workspace/scratch/2c63ff8b496f/work/jugest-v512-ui/api/_collector-batch-v3.js:138:24)
    at async Object.defaultHandler [as default] (eval at createRelayRuntime (file:///workspace/scratch/2c63ff8b496f/work/jugest-v512-ui/api/_relay-web.js:100:17), <anonymous>:948:25)
    at async Object.call (file:///workspace/scratch/2c63ff8b496f/work/jugest-v512-ui/tests/collector-batch-v3.mjs:14:35)
    at async TestContext.<anonymous> (file:///workspace/scratch/2c63ff8b496f/work/jugest-v512-ui/tests/collector-batch-v3.mjs:194:14)
    at async Test.run (node:internal/test_runner/test:1389:7)
    at async Test.processPendingSubtests (node:internal/test_runner/test:960:7)
✔ missing payload cannot advance Device Sync-compatible Collector pull cursor (18.712603ms)
[juggler-relay] SyntaxError: Expected property name or '}' in JSON at position 1 (line 1 column 2)
    at JSON.parse (<anonymous>)
    at readLegacy (file:///workspace/scratch/2c63ff8b496f/work/jugest-v512-ui/api/_collector-state-v3.js:23:32)
    at async migrate (file:///workspace/scratch/2c63ff8b496f/work/jugest-v512-ui/api/_collector-state-v3.js:26:13)
    at async transactCollector (file:///workspace/scratch/2c63ff8b496f/work/jugest-v512-ui/api/_collector-state-v3.js:107:48)
    at async dispatch (file:///workspace/scratch/2c63ff8b496f/work/jugest-v512-ui/api/_collector-batch-v3.js:139:12)
    at async Object.defaultHandler [as default] (eval at createRelayRuntime (file:///workspace/scratch/2c63ff8b496f/work/jugest-v512-ui/api/_relay-web.js:100:17), <anonymous>:948:25)
    at async TestContext.<anonymous> (file:///workspace/scratch/2c63ff8b496f/work/jugest-v512-ui/tests/collector-batch-v3.mjs:202:17)
    at async Test.run (node:internal/test_runner/test:1389:7)
    at async Test.processPendingSubtests (node:internal/test_runner/test:960:7)
✔ missing origin ETag rejects a write; malformed legacy metadata cannot be migrated as empty (8.838909ms)
✔ identical local coverage polling and WAIT polling do not write (17.688999ms)
[juggler-relay] Error: delete unavailable
    at f.blob.s.delete (file:///workspace/scratch/2c63ff8b496f/work/jugest-v512-ui/tests/collector-batch-v3.mjs:219:97)
    at drainGarbage (file:///workspace/scratch/2c63ff8b496f/work/jugest-v512-ui/api/_collector-state-v3.js:94:64)
    at async transactCollector (file:///workspace/scratch/2c63ff8b496f/work/jugest-v512-ui/api/_collector-state-v3.js:139:5)
    at async dispatch (file:///workspace/scratch/2c63ff8b496f/work/jugest-v512-ui/api/_collector-batch-v3.js:139:12)
    at async Object.defaultHandler [as default] (eval at createRelayRuntime (file:///workspace/scratch/2c63ff8b496f/work/jugest-v512-ui/api/_relay-web.js:100:17), <anonymous>:948:25)
    at async Object.call (file:///workspace/scratch/2c63ff8b496f/work/jugest-v512-ui/tests/collector-batch-v3.mjs:14:35)
    at async TestContext.<anonymous> (file:///workspace/scratch/2c63ff8b496f/work/jugest-v512-ui/tests/collector-batch-v3.mjs:220:11)
    at async Test.run (node:internal/test_runner/test:1389:7)
    at async Test.processPendingSubtests (node:internal/test_runner/test:960:7)
✔ a failed cleanup remains journaled and a later authorized request safely finishes it (13.447501ms)
[juggler-relay] Error: unlink deletion failed
    at f.blob.s.delete (file:///workspace/scratch/2c63ff8b496f/work/jugest-v512-ui/tests/collector-batch-v3.mjs:228:97)
    at drainGarbage (file:///workspace/scratch/2c63ff8b496f/work/jugest-v512-ui/api/_collector-state-v3.js:94:64)
    at async transactCollector (file:///workspace/scratch/2c63ff8b496f/work/jugest-v512-ui/api/_collector-state-v3.js:139:5)
    at async dispatch (file:///workspace/scratch/2c63ff8b496f/work/jugest-v512-ui/api/_collector-batch-v3.js:139:12)
    at async Object.defaultHandler [as default] (eval at createRelayRuntime (file:///workspace/scratch/2c63ff8b496f/work/jugest-v512-ui/api/_relay-web.js:100:17), <anonymous>:948:25)
    at async Object.call (file:///workspace/scratch/2c63ff8b496f/work/jugest-v512-ui/tests/collector-batch-v3.mjs:14:35)
    at async TestContext.<anonymous> (file:///workspace/scratch/2c63ff8b496f/work/jugest-v512-ui/tests/collector-batch-v3.mjs:229:17)
    at async Test.run (node:internal/test_runner/test:1389:7)
    at async Test.processPendingSubtests (node:internal/test_runner/test:960:7)
✔ unlink interrupted during deletion can be retried with the original receiver credential (15.273025ms)
✔ iosCollectorRequeueDate wins against a stale parallel Push (8.18515ms)
✔ iosCollectorTargetDelete wins against a stale parallel Push (7.554794ms)
✔ unlink wins against a stale parallel Push (12.912034ms)
✔ real parser accepts HTML/text layouts and rejects identity, missing headers and partial pages independently (28.50189ms)
[juggler-relay] Error: network unavailable
    at f.blob.hooks.beforePut (file:///workspace/scratch/2c63ff8b496f/work/jugest-v512-ui/tests/collector-batch-v3.mjs:264:79)
    at Object.put (file:///workspace/scratch/2c63ff8b496f/work/jugest-v512-ui/tests/helpers/collector-blob.mjs:12:66)
    at set (file:///workspace/scratch/2c63ff8b496f/work/jugest-v512-ui/api/_blob-store.js:25:31)
    at Object.setJSON (file:///workspace/scratch/2c63ff8b496f/work/jugest-v512-ui/api/_blob-store.js:38:18)
    at transactCollector (file:///workspace/scratch/2c63ff8b496f/work/jugest-v512-ui/api/_collector-state-v3.js:125:30)
    at async dispatch (file:///workspace/scratch/2c63ff8b496f/work/jugest-v512-ui/api/_collector-batch-v3.js:139:12)
    at async Object.defaultHandler [as default] (eval at createRelayRuntime (file:///workspace/scratch/2c63ff8b496f/work/jugest-v512-ui/api/_relay-web.js:100:17), <anonymous>:948:25)
    at async call (file:///workspace/scratch/2c63ff8b496f/work/jugest-v512-ui/tests/collector-batch-v3.mjs:14:35)
    at async TestContext.<anonymous> (file:///workspace/scratch/2c63ff8b496f/work/jugest-v512-ui/tests/collector-batch-v3.mjs:265:17)
    at async Test.run (node:internal/test_runner/test:1389:7)
✖ target deletion reclaims unpublished payloads left by an ambiguous failed write (8.408478ms)
✔ invalid/cross-channel credentials cannot issue or modify jobs; Preview is namespaced (21.308754ms)
ℹ tests 32
ℹ suites 0
ℹ pass 31
ℹ fail 1
ℹ cancelled 0
ℹ skipped 0
ℹ todo 0
ℹ duration_ms 919.720302

✖ failing tests:

test at tests/collector-batch-v3.mjs:262:1
✖ target deletion reclaims unpublished payloads left by an ambiguous failed write (8.408478ms)
  AssertionError [ERR_ASSERTION]: Expected values to be strictly equal:
  
  1 !== 0
  
      at TestContext.<anonymous> (file:///workspace/scratch/2c63ff8b496f/work/jugest-v512-ui/tests/collector-batch-v3.mjs:267:10)
      at async Test.run (node:internal/test_runner/test:1389:7)
      at async Test.processPendingSubtests (node:internal/test_runner/test:960:7) {
    generatedMessage: true,
    code: 'ERR_ASSERTION',
    actual: 1,
    expected: 0,
    operator: 'strictEqual',
    diff: 'simple'
  }
